// Jest Snapshot v1, https://goo.gl/fbAQLP

exports[`QuoterV2 quotes #quoteExactInput 0 -> 2 -> 1 1`] = `277460`;

exports[`QuoterV2 quotes #quoteExactInput 0 -> 2 cross 0 tick, starting tick initialized 1`] = `123987`;

exports[`QuoterV2 quotes #quoteExactInput 0 -> 2 cross 0 tick, starting tick not initialized 1`] = `101083`;

exports[`QuoterV2 quotes #quoteExactInput 0 -> 2 cross 1 tick 1`] = `144908`;

exports[`QuoterV2 quotes #quoteExactInput 0 -> 2 cross 2 tick 1`] = `182556`;

exports[`QuoterV2 quotes #quoteExactInput 0 -> 2 cross 2 tick where after is initialized 1`] = `144946`;

exports[`QuoterV2 quotes #quoteExactInput 2 -> 0 cross 0 tick, starting tick initialized 1`] = `97733`;

exports[`QuoterV2 quotes #quoteExactInput 2 -> 0 cross 0 tick, starting tick not initialized 1`] = `93834`;

exports[`QuoterV2 quotes #quoteExactInput 2 -> 0 cross 2 1`] = `175296`;

exports[`QuoterV2 quotes #quoteExactInput 2 -> 0 cross 2 where tick after is initialized 1`] = `175304`;

exports[`QuoterV2 quotes #quoteExactInput 2 -> 1 1`] = `97408`;

exports[`QuoterV2 quotes #quoteExactInputSingle 0 -> 2 1`] = `182538`;

exports[`QuoterV2 quotes #quoteExactInputSingle 2 -> 0 1`] = `175268`;

exports[`QuoterV2 quotes #quoteExactOutput 0 -> 2 -> 1 1`] = `277060`;

exports[`QuoterV2 quotes #quoteExactOutput 0 -> 2 cross 0 tick starting tick initialized 1`] = `123506`;

exports[`QuoterV2 quotes #quoteExactOutput 0 -> 2 cross 0 tick starting tick not initialized 1`] = `100622`;

exports[`QuoterV2 quotes #quoteExactOutput 0 -> 2 cross 1 tick 1`] = `144158`;

exports[`QuoterV2 quotes #quoteExactOutput 0 -> 2 cross 2 tick 1`] = `181562`;

exports[`QuoterV2 quotes #quoteExactOutput 0 -> 2 cross 2 where tick after is initialized 1`] = `144196`;

exports[`QuoterV2 quotes #quoteExactOutput 2 -> 0 cross 1 tick 1`] = `138006`;

exports[`QuoterV2 quotes #quoteExactOutput 2 -> 0 cross 2 ticks 1`] = `175402`;

exports[`QuoterV2 quotes #quoteExactOutput 2 -> 0 cross 2 where tick after is initialized 1`] = `175396`;

exports[`QuoterV2 quotes #quoteExactOutput 2 -> 1 1`] = `97985`;

exports[`QuoterV2 quotes #quoteExactOutputSingle 0 -> 1 1`] = `105303`;

exports[`QuoterV2 quotes #quoteExactOutputSingle 1 -> 0 1`] = `98590`;
