// Jest Snapshot v1, https://goo.gl/fbAQLP

exports[`SwapRouter gas tests #exactInput 0 -> 1 -> 2 1`] = `182398`;

exports[`SwapRouter gas tests #exactInput 0 -> 1 1`] = `116203`;

exports[`SwapRouter gas tests #exactInput 0 -> 1 minimal 1`] = `106492`;

exports[`SwapRouter gas tests #exactInput 0 -> WETH9 1`] = `135852`;

exports[`SwapRouter gas tests #exactInput 2 trades (via router) 1`] = `198788`;

exports[`SwapRouter gas tests #exactInput 3 trades (directly to sender) 1`] = `270079`;

exports[`SwapRouter gas tests #exactInput WETH9 -> 0 1`] = `114661`;

exports[`SwapRouter gas tests #exactInputSingle 0 -> 1 1`] = `115624`;

exports[`SwapRouter gas tests #exactInputSingle 0 -> WETH9 1`] = `135267`;

exports[`SwapRouter gas tests #exactInputSingle WETH9 -> 0 1`] = `114082`;

exports[`SwapRouter gas tests #exactOutput 0 -> 1 -> 2 1`] = `179103`;

exports[`SwapRouter gas tests #exactOutput 0 -> 1 1`] = `120165`;

exports[`SwapRouter gas tests #exactOutput 0 -> WETH9 1`] = `137919`;

exports[`SwapRouter gas tests #exactOutput WETH9 -> 0 1`] = `127445`;

exports[`SwapRouter gas tests #exactOutputSingle 0 -> 1 1`] = `120375`;

exports[`SwapRouter gas tests #exactOutputSingle 0 -> WETH9 1`] = `138129`;

exports[`SwapRouter gas tests #exactOutputSingle WETH9 -> 0 1`] = `122120`;

exports[`SwapRouter gas tests 3 trades (directly to sender) 1`] = `189426`;
